Archive member included because of file (symbol)

d:/program files/winavr/bin/../lib/gcc/avr/4.3.0/avr51\libgcc.a(_udivmodhi4.o)
                              main.o (__udivmodhi4)
d:/program files/winavr/bin/../lib/gcc/avr/4.3.0/avr51\libgcc.a(_exit.o)
                              d:/program files/winavr/bin/../lib/gcc/avr/4.3.0/../../../../avr/lib/avr51/crtm1284p.o (exit)
d:/program files/winavr/bin/../lib/gcc/avr/4.3.0/avr51\libgcc.a(_clear_bss.o)
                              main.o (__do_clear_bss)
d:/program files/winavr/bin/../lib/gcc/avr/4.3.0/../../../../avr/lib/avr51\libc.a(fputs.o)
                              main.o (fputs)
d:/program files/winavr/bin/../lib/gcc/avr/4.3.0/../../../../avr/lib/avr51\libc.a(iob.o)
                              main.o (__iob)
d:/program files/winavr/bin/../lib/gcc/avr/4.3.0/../../../../avr/lib/avr51\libc.a(printf.o)
                              main.o (printf)
d:/program files/winavr/bin/../lib/gcc/avr/4.3.0/../../../../avr/lib/avr51\libc.a(puts.o)
                              main.o (puts)
d:/program files/winavr/bin/../lib/gcc/avr/4.3.0/../../../../avr/lib/avr51\libc.a(vfprintf_std.o)
                              d:/program files/winavr/bin/../lib/gcc/avr/4.3.0/../../../../avr/lib/avr51\libc.a(printf.o) (vfprintf)
d:/program files/winavr/bin/../lib/gcc/avr/4.3.0/../../../../avr/lib/avr51\libc.a(strnlen_P.o)
                              d:/program files/winavr/bin/../lib/gcc/avr/4.3.0/../../../../avr/lib/avr51\libc.a(vfprintf_std.o) (strnlen_P)
d:/program files/winavr/bin/../lib/gcc/avr/4.3.0/../../../../avr/lib/avr51\libc.a(strnlen.o)
                              d:/program files/winavr/bin/../lib/gcc/avr/4.3.0/../../../../avr/lib/avr51\libc.a(vfprintf_std.o) (strnlen)
d:/program files/winavr/bin/../lib/gcc/avr/4.3.0/../../../../avr/lib/avr51\libc.a(fputc.o)
                              d:/program files/winavr/bin/../lib/gcc/avr/4.3.0/../../../../avr/lib/avr51\libc.a(vfprintf_std.o) (fputc)
d:/program files/winavr/bin/../lib/gcc/avr/4.3.0/../../../../avr/lib/avr51\libc.a(ultoa_invert.o)
                              d:/program files/winavr/bin/../lib/gcc/avr/4.3.0/../../../../avr/lib/avr51\libc.a(vfprintf_std.o) (__ultoa_invert)
d:/program files/winavr/bin/../lib/gcc/avr/4.3.0/avr51\libgcc.a(_prologue.o)
                              d:/program files/winavr/bin/../lib/gcc/avr/4.3.0/../../../../avr/lib/avr51\libc.a(printf.o) (__prologue_saves__)
d:/program files/winavr/bin/../lib/gcc/avr/4.3.0/avr51\libgcc.a(_epilogue.o)
                              d:/program files/winavr/bin/../lib/gcc/avr/4.3.0/../../../../avr/lib/avr51\libc.a(fputs.o) (__epilogue_restores__)

Allocating common symbols
Common symbol       size              file

args                0x6               main.o
kernel              0x4a              main.o
trt_rx_c            0x1               main.o
__iob               0x6               d:/program files/winavr/bin/../lib/gcc/avr/4.3.0/../../../../avr/lib/avr51\libc.a(iob.o)

Memory Configuration

Name             Origin             Length             Attributes
text             0x00000000         0x00020000         xr
data             0x00800060         0x0000ffa0         rw !x
eeprom           0x00810000         0x00010000         rw !x
fuse             0x00820000         0x00000400         rw !x
lock             0x00830000         0x00000400         rw !x
signature        0x00840000         0x00000400         rw !x
*default*        0x00000000         0xffffffff

Linker script and memory map

Address of section .data set to 0x800100
LOAD d:/program files/winavr/bin/../lib/gcc/avr/4.3.0/../../../../avr/lib/avr51/crtm1284p.o
LOAD main.o
LOAD d:/program files/winavr/bin/../lib/gcc/avr/4.3.0/avr51\libgcc.a
LOAD d:/program files/winavr/bin/../lib/gcc/avr/4.3.0/../../../../avr/lib/avr51\libc.a
LOAD d:/program files/winavr/bin/../lib/gcc/avr/4.3.0/avr51\libgcc.a

.hash
 *(.hash)

.dynsym
 *(.dynsym)

.dynstr
 *(.dynstr)

.gnu.version
 *(.gnu.version)

.gnu.version_d
 *(.gnu.version_d)

.gnu.version_r
 *(.gnu.version_r)

.rel.init
 *(.rel.init)

.rela.init
 *(.rela.init)

.rel.text
 *(.rel.text)
 *(.rel.text.*)
 *(.rel.gnu.linkonce.t*)

.rela.text
 *(.rela.text)
 *(.rela.text.*)
 *(.rela.gnu.linkonce.t*)

.rel.fini
 *(.rel.fini)

.rela.fini
 *(.rela.fini)

.rel.rodata
 *(.rel.rodata)
 *(.rel.rodata.*)
 *(.rel.gnu.linkonce.r*)

.rela.rodata
 *(.rela.rodata)
 *(.rela.rodata.*)
 *(.rela.gnu.linkonce.r*)

.rel.data
 *(.rel.data)
 *(.rel.data.*)
 *(.rel.gnu.linkonce.d*)

.rela.data
 *(.rela.data)
 *(.rela.data.*)
 *(.rela.gnu.linkonce.d*)

.rel.ctors
 *(.rel.ctors)

.rela.ctors
 *(.rela.ctors)

.rel.dtors
 *(.rel.dtors)

.rela.dtors
 *(.rela.dtors)

.rel.got
 *(.rel.got)

.rela.got
 *(.rela.got)

.rel.bss
 *(.rel.bss)

.rela.bss
 *(.rela.bss)

.rel.plt
 *(.rel.plt)

.rela.plt
 *(.rela.plt)

.text           0x00000000     0x133c
 *(.vectors)
 .vectors       0x00000000       0x8c d:/program files/winavr/bin/../lib/gcc/avr/4.3.0/../../../../avr/lib/avr51/crtm1284p.o
                0x00000000                __vectors
                0x00000000                __vector_default
 *(.vectors)
 *(.progmem.gcc*)
 *(.progmem*)
                0x0000008c                . = ALIGN (0x2)
                0x0000008c                __trampolines_start = .
 *(.trampolines)
 .trampolines   0x0000008c        0x0 linker stubs
 *(.trampolines*)
                0x0000008c                __trampolines_end = .
 *(.jumptables)
 *(.jumptables*)
 *(.lowtext)
 *(.lowtext*)
                0x0000008c                __ctors_start = .
 *(.ctors)
                0x0000008c                __ctors_end = .
                0x0000008c                __dtors_start = .
 *(.dtors)
                0x0000008c                __dtors_end = .
 SORT(*)(.ctors)
 SORT(*)(.dtors)
 *(.init0)
 .init0         0x0000008c        0x0 d:/program files/winavr/bin/../lib/gcc/avr/4.3.0/../../../../avr/lib/avr51/crtm1284p.o
                0x0000008c                __init
 *(.init0)
 *(.init1)
 *(.init1)
 *(.init2)
 .init2         0x0000008c        0xc d:/program files/winavr/bin/../lib/gcc/avr/4.3.0/../../../../avr/lib/avr51/crtm1284p.o
 *(.init2)
 *(.init3)
 *(.init3)
 *(.init4)
 .init4         0x00000098       0x1a d:/program files/winavr/bin/../lib/gcc/avr/4.3.0/../../../../avr/lib/avr51/crtm1284p.o
                0x00000098                __do_copy_data
 .init4         0x000000b2       0x10 d:/program files/winavr/bin/../lib/gcc/avr/4.3.0/avr51\libgcc.a(_clear_bss.o)
                0x000000b2                __do_clear_bss
 *(.init4)
 *(.init5)
 *(.init5)
 *(.init6)
 *(.init6)
 *(.init7)
 *(.init7)
 *(.init8)
 *(.init8)
 *(.init9)
 .init9         0x000000c2        0x8 d:/program files/winavr/bin/../lib/gcc/avr/4.3.0/../../../../avr/lib/avr51/crtm1284p.o
 *(.init9)
 *(.text)
 .text          0x000000ca        0x4 d:/program files/winavr/bin/../lib/gcc/avr/4.3.0/../../../../avr/lib/avr51/crtm1284p.o
                0x000000ca                __vector_22
                0x000000ca                __vector_28
                0x000000ca                __vector_1
                0x000000ca                __vector_32
                0x000000ca                __vector_34
                0x000000ca                __vector_24
                0x000000ca                __vector_12
                0x000000ca                __bad_interrupt
                0x000000ca                __vector_6
                0x000000ca                __vector_31
                0x000000ca                __vector_3
                0x000000ca                __vector_23
                0x000000ca                __vector_30
                0x000000ca                __vector_25
                0x000000ca                __vector_11
                0x000000ca                __vector_17
                0x000000ca                __vector_19
                0x000000ca                __vector_7
                0x000000ca                __vector_27
                0x000000ca                __vector_5
                0x000000ca                __vector_33
                0x000000ca                __vector_4
                0x000000ca                __vector_9
                0x000000ca                __vector_2
                0x000000ca                __vector_15
                0x000000ca                __vector_29
                0x000000ca                __vector_8
                0x000000ca                __vector_26
                0x000000ca                __vector_14
                0x000000ca                __vector_10
                0x000000ca                __vector_16
                0x000000ca                __vector_18
 .text          0x000000ce      0xbf0 main.o
                0x00000586                trtCurrentTime
                0x0000068a                trt_uart_init
                0x000005b6                trtSleepUntil
                0x0000049e                trtWait
                0x000004de                trtSignal
                0x000003d2                trtCreateTask
                0x000007f2                uart_getchar
                0x000000ce                __vector_13
                0x00000afc                gyro
                0x00000670                trtAccept
                0x00000616                trtGetDeadline
                0x000009da                main
                0x000005e2                trtGetRelease
                0x0000048e                trtCreateSemaphore
                0x000006b0                __vector_21
                0x0000064a                trtTerminate
                0x000009be                initialize
                0x00000356                trtInitKernel
                0x0000098a                i2cSetBitrate
                0x00000798                __vector_20
                0x00000740                uart_putchar
 .text          0x00000cbe        0x0 d:/program files/winavr/bin/../lib/gcc/avr/4.3.0/avr51\libgcc.a(_udivmodhi4.o)
 .text          0x00000cbe        0x0 d:/program files/winavr/bin/../lib/gcc/avr/4.3.0/avr51\libgcc.a(_exit.o)
 .text          0x00000cbe        0x0 d:/program files/winavr/bin/../lib/gcc/avr/4.3.0/avr51\libgcc.a(_clear_bss.o)
 .text          0x00000cbe       0x52 d:/program files/winavr/bin/../lib/gcc/avr/4.3.0/../../../../avr/lib/avr51\libc.a(fputs.o)
                0x00000cbe                fputs
 .text          0x00000d10        0x0 d:/program files/winavr/bin/../lib/gcc/avr/4.3.0/../../../../avr/lib/avr51\libc.a(iob.o)
 .text          0x00000d10       0x2a d:/program files/winavr/bin/../lib/gcc/avr/4.3.0/../../../../avr/lib/avr51\libc.a(printf.o)
                0x00000d10                printf
 .text          0x00000d3a       0x6a d:/program files/winavr/bin/../lib/gcc/avr/4.3.0/../../../../avr/lib/avr51\libc.a(puts.o)
                0x00000d3a                puts
 .text          0x00000da4      0x3be d:/program files/winavr/bin/../lib/gcc/avr/4.3.0/../../../../avr/lib/avr51\libc.a(vfprintf_std.o)
                0x00000da4                vfprintf
 .text          0x00001162       0x16 d:/program files/winavr/bin/../lib/gcc/avr/4.3.0/../../../../avr/lib/avr51\libc.a(strnlen_P.o)
                0x00001162                strnlen_P
 .text          0x00001178       0x16 d:/program files/winavr/bin/../lib/gcc/avr/4.3.0/../../../../avr/lib/avr51\libc.a(strnlen.o)
                0x00001178                strnlen
 .text          0x0000118e       0x58 d:/program files/winavr/bin/../lib/gcc/avr/4.3.0/../../../../avr/lib/avr51\libc.a(fputc.o)
                0x0000118e                fputc
 .text          0x000011e6       0xbc d:/program files/winavr/bin/../lib/gcc/avr/4.3.0/../../../../avr/lib/avr51\libc.a(ultoa_invert.o)
                0x000011e6                __ultoa_invert
 .text          0x000012a2        0x0 d:/program files/winavr/bin/../lib/gcc/avr/4.3.0/avr51\libgcc.a(_prologue.o)
 .text          0x000012a2        0x0 d:/program files/winavr/bin/../lib/gcc/avr/4.3.0/avr51\libgcc.a(_epilogue.o)
                0x000012a2                . = ALIGN (0x2)
 *(.text.*)
 .text.libgcc   0x000012a2       0x28 d:/program files/winavr/bin/../lib/gcc/avr/4.3.0/avr51\libgcc.a(_udivmodhi4.o)
                0x000012a2                __udivmodhi4
 .text.libgcc   0x000012ca        0x0 d:/program files/winavr/bin/../lib/gcc/avr/4.3.0/avr51\libgcc.a(_exit.o)
 .text.libgcc   0x000012ca        0x0 d:/program files/winavr/bin/../lib/gcc/avr/4.3.0/avr51\libgcc.a(_clear_bss.o)
 .text.libgcc   0x000012ca       0x38 d:/program files/winavr/bin/../lib/gcc/avr/4.3.0/avr51\libgcc.a(_prologue.o)
                0x000012ca                __prologue_saves__
 .text.libgcc   0x00001302       0x36 d:/program files/winavr/bin/../lib/gcc/avr/4.3.0/avr51\libgcc.a(_epilogue.o)
                0x00001302                __epilogue_restores__
                0x00001338                . = ALIGN (0x2)
 *(.fini9)
 .fini9         0x00001338        0x0 d:/program files/winavr/bin/../lib/gcc/avr/4.3.0/avr51\libgcc.a(_exit.o)
                0x00001338                exit
                0x00001338                _exit
 *(.fini9)
 *(.fini8)
 *(.fini8)
 *(.fini7)
 *(.fini7)
 *(.fini6)
 *(.fini6)
 *(.fini5)
 *(.fini5)
 *(.fini4)
 *(.fini4)
 *(.fini3)
 *(.fini3)
 *(.fini2)
 *(.fini2)
 *(.fini1)
 *(.fini1)
 *(.fini0)
 .fini0         0x00001338        0x4 d:/program files/winavr/bin/../lib/gcc/avr/4.3.0/avr51\libgcc.a(_exit.o)
 *(.fini0)
                0x0000133c                _etext = .

.data           0x00800100       0xa6 load address 0x0000133c
                0x00800100                PROVIDE (__data_start, .)
 *(.data)
 .data          0x00800100        0x0 d:/program files/winavr/bin/../lib/gcc/avr/4.3.0/../../../../avr/lib/avr51/crtm1284p.o
 .data          0x00800100       0xa5 main.o
                0x00800197                uart_str
 .data          0x008001a5        0x0 d:/program files/winavr/bin/../lib/gcc/avr/4.3.0/avr51\libgcc.a(_udivmodhi4.o)
 .data          0x008001a5        0x0 d:/program files/winavr/bin/../lib/gcc/avr/4.3.0/avr51\libgcc.a(_exit.o)
 .data          0x008001a5        0x0 d:/program files/winavr/bin/../lib/gcc/avr/4.3.0/avr51\libgcc.a(_clear_bss.o)
 .data          0x008001a5        0x0 d:/program files/winavr/bin/../lib/gcc/avr/4.3.0/../../../../avr/lib/avr51\libc.a(fputs.o)
 .data          0x008001a5        0x0 d:/program files/winavr/bin/../lib/gcc/avr/4.3.0/../../../../avr/lib/avr51\libc.a(iob.o)
 .data          0x008001a5        0x0 d:/program files/winavr/bin/../lib/gcc/avr/4.3.0/../../../../avr/lib/avr51\libc.a(printf.o)
 .data          0x008001a5        0x0 d:/program files/winavr/bin/../lib/gcc/avr/4.3.0/../../../../avr/lib/avr51\libc.a(puts.o)
 .data          0x008001a5        0x0 d:/program files/winavr/bin/../lib/gcc/avr/4.3.0/../../../../avr/lib/avr51\libc.a(vfprintf_std.o)
 .data          0x008001a5        0x0 d:/program files/winavr/bin/../lib/gcc/avr/4.3.0/../../../../avr/lib/avr51\libc.a(strnlen_P.o)
 .data          0x008001a5        0x0 d:/program files/winavr/bin/../lib/gcc/avr/4.3.0/../../../../avr/lib/avr51\libc.a(strnlen.o)
 .data          0x008001a5        0x0 d:/program files/winavr/bin/../lib/gcc/avr/4.3.0/../../../../avr/lib/avr51\libc.a(fputc.o)
 .data          0x008001a5        0x0 d:/program files/winavr/bin/../lib/gcc/avr/4.3.0/../../../../avr/lib/avr51\libc.a(ultoa_invert.o)
 .data          0x008001a5        0x0 d:/program files/winavr/bin/../lib/gcc/avr/4.3.0/avr51\libgcc.a(_prologue.o)
 .data          0x008001a5        0x0 d:/program files/winavr/bin/../lib/gcc/avr/4.3.0/avr51\libgcc.a(_epilogue.o)
 *(.data*)
 *(.rodata)
 *(.rodata*)
 *(.gnu.linkonce.d*)
                0x008001a6                . = ALIGN (0x2)
 *fill*         0x008001a5        0x1 00
                0x008001a6                _edata = .
                0x008001a6                PROVIDE (__data_end, .)

.bss            0x008001a6      0x175 load address 0x000013e2
                0x008001a6                PROVIDE (__bss_start, .)
 *(.bss)
 .bss           0x008001a6        0x0 d:/program files/winavr/bin/../lib/gcc/avr/4.3.0/../../../../avr/lib/avr51/crtm1284p.o
 .bss           0x008001a6      0x11e main.o
 .bss           0x008002c4        0x0 d:/program files/winavr/bin/../lib/gcc/avr/4.3.0/avr51\libgcc.a(_udivmodhi4.o)
 .bss           0x008002c4        0x0 d:/program files/winavr/bin/../lib/gcc/avr/4.3.0/avr51\libgcc.a(_exit.o)
 .bss           0x008002c4        0x0 d:/program files/winavr/bin/../lib/gcc/avr/4.3.0/avr51\libgcc.a(_clear_bss.o)
 .bss           0x008002c4        0x0 d:/program files/winavr/bin/../lib/gcc/avr/4.3.0/../../../../avr/lib/avr51\libc.a(fputs.o)
 .bss           0x008002c4        0x0 d:/program files/winavr/bin/../lib/gcc/avr/4.3.0/../../../../avr/lib/avr51\libc.a(iob.o)
 .bss           0x008002c4        0x0 d:/program files/winavr/bin/../lib/gcc/avr/4.3.0/../../../../avr/lib/avr51\libc.a(printf.o)
 .bss           0x008002c4        0x0 d:/program files/winavr/bin/../lib/gcc/avr/4.3.0/../../../../avr/lib/avr51\libc.a(puts.o)
 .bss           0x008002c4        0x0 d:/program files/winavr/bin/../lib/gcc/avr/4.3.0/../../../../avr/lib/avr51\libc.a(vfprintf_std.o)
 .bss           0x008002c4        0x0 d:/program files/winavr/bin/../lib/gcc/avr/4.3.0/../../../../avr/lib/avr51\libc.a(strnlen_P.o)
 .bss           0x008002c4        0x0 d:/program files/winavr/bin/../lib/gcc/avr/4.3.0/../../../../avr/lib/avr51\libc.a(strnlen.o)
 .bss           0x008002c4        0x0 d:/program files/winavr/bin/../lib/gcc/avr/4.3.0/../../../../avr/lib/avr51\libc.a(fputc.o)
 .bss           0x008002c4        0x0 d:/program files/winavr/bin/../lib/gcc/avr/4.3.0/../../../../avr/lib/avr51\libc.a(ultoa_invert.o)
 .bss           0x008002c4        0x0 d:/program files/winavr/bin/../lib/gcc/avr/4.3.0/avr51\libgcc.a(_prologue.o)
 .bss           0x008002c4        0x0 d:/program files/winavr/bin/../lib/gcc/avr/4.3.0/avr51\libgcc.a(_epilogue.o)
 *(.bss*)
 *(COMMON)
 COMMON         0x008002c4       0x51 main.o
                0x008002c4                args
                0x008002ca                kernel
                0x00800314                trt_rx_c
 COMMON         0x00800315        0x6 d:/program files/winavr/bin/../lib/gcc/avr/4.3.0/../../../../avr/lib/avr51\libc.a(iob.o)
                0x00800315                __iob
                0x0080031b                PROVIDE (__bss_end, .)
                0x0000133c                __data_load_start = LOADADDR (.data)
                0x000013e2                __data_load_end = (__data_load_start + SIZEOF (.data))

.noinit         0x0080031b        0x0
                0x0080031b                PROVIDE (__noinit_start, .)
 *(.noinit*)
                0x0080031b                PROVIDE (__noinit_end, .)
                0x0080031b                _end = .
                0x0080031b                PROVIDE (__heap_start, .)

.eeprom         0x00810000        0x0
 *(.eeprom*)
                0x00810000                __eeprom_end = .

.fuse
 *(.fuse)
 *(.lfuse)
 *(.hfuse)
 *(.efuse)

.lock
 *(.lock*)

.signature
 *(.signature*)

.stab
 *(.stab)

.stabstr
 *(.stabstr)

.stab.excl
 *(.stab.excl)

.stab.exclstr
 *(.stab.exclstr)

.stab.index
 *(.stab.index)

.stab.indexstr
 *(.stab.indexstr)

.comment
 *(.comment)

.debug
 *(.debug)

.line
 *(.line)

.debug_srcinfo
 *(.debug_srcinfo)

.debug_sfnames
 *(.debug_sfnames)

.debug_aranges  0x00000000       0x20
 *(.debug_aranges)
 .debug_aranges
                0x00000000       0x20 main.o

.debug_pubnames
                0x00000000      0x195
 *(.debug_pubnames)
 .debug_pubnames
                0x00000000      0x195 main.o

.debug_info     0x00000000      0x882
 *(.debug_info)
 .debug_info    0x00000000      0x882 main.o
 *(.gnu.linkonce.wi.*)

.debug_abbrev   0x00000000      0x2dc
 *(.debug_abbrev)
 .debug_abbrev  0x00000000      0x2dc main.o

.debug_line     0x00000000      0xa11
 *(.debug_line)
 .debug_line    0x00000000      0xa11 main.o

.debug_frame    0x00000000      0x160
 *(.debug_frame)
 .debug_frame   0x00000000      0x160 main.o

.debug_str      0x00000000      0x2e3
 *(.debug_str)
 .debug_str     0x00000000      0x2e3 main.o
                                0x336 (size before relaxing)

.debug_loc      0x00000000      0x757
 *(.debug_loc)
 .debug_loc     0x00000000      0x757 main.o

.debug_macinfo
 *(.debug_macinfo)
OUTPUT(lab4.elf elf32-avr)
LOAD linker stubs
